Cadence Genus(TM) Synthesis Solution.
Copyright 2022 Cadence Design Systems, Inc. All rights reserved worldwide.
Cadence and the Cadence logo are registered trademarks and Genus is a trademark
of Cadence Design Systems, Inc. in the United States and other countries.

[16:36:41.328618] Configured Lic search path (21.01-s002): 5281@14.139.1.126:1717@14.139.1.126

Version: 21.14-s082_1, built Thu Jun 23 02:02:08 PDT 2022
Options: -files pipeline_controlcd 
Date:    Tue Nov 04 16:36:41 2025
Host:    ic312.vit.ac.in (x86_64 w/Linux 4.18.0-425.19.2.el8_7.x86_64) (12cores*20cpus*1physical cpu*12th Gen Intel(R) Core(TM) i7-12700 25600KB) (32402340KB)
PID:     28286
OS:      Red Hat Enterprise Linux release 8.7 (Ootpa)


[16:36:42.001153] Periodic Lic check successful
[16:36:42.001153] Feature usage summary:
[16:36:42.001153] Genus_Synthesis
Checking out license: Genus_Synthesis


***********************************************************************************************************
***********************************************************************************************************



Loading tool scripts...
Finished loading tool scripts (4 seconds elapsed).

#@ Processing -files option
@genus 1> source pipeline_controlcd
File 'pipeline_controlcd' does not exist.
Encountered problems processing file: pipeline_controlcd
WARNING: This version of the tool is 1230 days old.
@genus:root: 2> cd
@genus:root: 3> 
@genus:root: 3> 
@genus:root: 3> 
@genus:root: 3> exit

Lic Summary:
[16:36:47.389171] Cdslmd servers: cadence-c2s
[16:36:47.389176] Feature usage summary:
[16:36:47.389177] Genus_Synthesis

Normal exit.