xrun(64): 22.09-s003: (c) Copyright 1995-2022 Cadence Design Systems, Inc.
TOOL:	xrun(64)	22.09-s003: Started on Nov 04, 2025 at 19:14:20 IST
xrun
	resource_shared_datapath.v
	datapath_tb.v
	-access +rwc
	-sv
	-gui
file: datapath_tb.v
	module worklib.datapath_tb:v
		errors: 0, warnings: 0
		Caching library 'worklib' ....... Done
	Elaborating the design hierarchy:
	Top level design units:
		datapath_tb
xmelab: *W,DSEMEL: This SystemVerilog design will be simulated as per IEEE 1800-2009 SystemVerilog simulation semantics. Use -disable_sem2009 option for turning off SV 2009 simulation semantics.
	Building instance overlay tables: .................... Done
	Generating native compiled code:
		worklib.resource_shared_datapath:v <0x41ce7703>
			streams:  14, words:  5393
		worklib.datapath_tb:v <0x5b681c43>
			streams:  11, words: 15015
	Building instance specific data structures.
	Loading native compiled code:     .................... Done
	Design hierarchy summary:
		                 Instances  Unique
		Modules:                 2       2
		Registers:              22      22
		Scalar wires:            5       -
		Vectored wires:          9       -
		Always blocks:           3       3
		Initial blocks:          3       3
		Cont. assignments:       5       7
		Pseudo assignments:      7       7
		Simulation timescale:  1ps
	Writing initial simulation snapshot: worklib.datapath_tb:v
xmsim: *W,NOMTDGUI: Multi-Threaded Dumping is disabled for interactive debug mode.
xmsim: *W,DSEM2009: This SystemVerilog design is simulated as per IEEE 1800-2009 SystemVerilog simulation semantics. Use -disable_sem2009 option for turning off SV 2009 simulation semantics.

-------------------------------------
Relinquished control to SimVision...
xcelium> 
xcelium> ^C
xcelium> exit
xmsim: *W,NORUNCMD: No 'run' command issued.
TOOL:	xrun(64)	22.09-s003: Exiting on Nov 04, 2025 at 19:14:44 IST  (total: 00:00:24)
